// Jest Snapshot v1, https://goo.gl/fbAQLP

exports[`shoudld render the component correctly 1`] = `
<div
  className="movie-input-copntainer"
>
  <label
    htmlFor="movie-name"
  >
    Movie to search
  </label>
  <input
    className="movie-input"
    id="movie-name"
    onChange={[Function]}
    placeholder="testValue"
    type="text"
  />
</div>
`;
