// Jest Snapshot v1, https://goo.gl/fbAQLP

exports[`shoudld render the component correctly 1`] = `
<FormContainer>
  <form>
    <MovieInput
      handleChange={[Function]}
    >
      <div>
        <input
          id="movie-name"
          onChange={[Function]}
          placeholder="Movie to search"
          type="text"
        />
      </div>
    </MovieInput>
    <div />
  </form>
</FormContainer>
`;

exports[`should handle the change in the input 1`] = `
<FormContainer>
  <form>
    <MovieInput
      handleChange={[Function]}
    >
      <div>
        <input
          id="movie-name"
          onChange={[Function]}
          placeholder="Movie to search"
          type="text"
        />
      </div>
    </MovieInput>
    <div />
  </form>
</FormContainer>
`;
